// Jest Snapshot v1, https://goo.gl/fbAQLP

exports[`expect to render counter component 1`] = `ShallowWrapper {}`;
